// Jest Snapshot v1, https://goo.gl/fbAQLP

exports[`Page Component should render page component without crashing 1`] = `
<h1>
  Test Header
</h1>
`;
