// Jest Snapshot v1, https://goo.gl/fbAQLP

exports[`Checkbox component should create snapshot correctly 1`] = `
<label
  className="MuiFormControlLabel-root MuiFormControlLabel-labelPlacementEnd css-j204z7-MuiFormControlLabel-root"
>
  <div
    className="css-bjmv2m"
  >
    <span
      className="MuiCheckbox-root MuiCheckbox-colorPrimary MuiButtonBase-root MuiCheckbox-root MuiCheckbox-colorPrimary PrivateSwitchBase-root Mui-checked css-1q3ox7e-MuiButtonBase-root-MuiCheckbox-root"
      onBlur={[Function]}
      onContextMenu={[Function]}
      onDragLeave={[Function]}
      onFocus={[Function]}
      onKeyDown={[Function]}
      onKeyUp={[Function]}
      onMouseDown={[Function]}
      onMouseLeave={[Function]}
      onMouseUp={[Function]}
      onTouchEnd={[Function]}
      onTouchMove={[Function]}
      onTouchStart={[Function]}
      tabIndex={null}
    >
      <input
        checked={true}
        className="PrivateSwitchBase-input css-1m9pwf3"
        data-indeterminate={false}
        onChange={[Function]}
        type="checkbox"
      />
      <svg
        aria-hidden={true}
        className="MuiSvgIcon-root MuiSvgIcon-fontSizeMedium css-i4bv87-MuiSvgIcon-root"
        data-testid="CheckBoxIcon"
        focusable="false"
        viewBox="0 0 24 24"
      >
        <path
          d="M19 3H5c-1.11 0-2 .9-2 2v14c0 1.1.89 2 2 2h14c1.11 0 2-.9 2-2V5c0-1.1-.89-2-2-2zm-9 14l-5-5 1.41-1.41L10 14.17l7.59-7.59L19 8l-9 9z"
        />
      </svg>
    </span>
  </div>
  <span
    className="MuiTypography-root MuiTypography-body1 MuiFormControlLabel-label css-1che66z-MuiTypography-root"
  >
    Test
  </span>
</label>
`;
