// Jest Snapshot v1, https://goo.gl/fbAQLP

exports[`Minimal layout should render Minimal without crashing 1`] = `
<div
  className="minimal-root"
  style={
    Object {
      "height": "100vh",
    }
  }
/>
`;
