// Jest Snapshot v1, https://goo.gl/fbAQLP

exports[`Input component should create snapshot correctly 1`] = `
<div
  className="css-evn1e9"
>
  <label
    className="css-1nafofr"
    htmlFor="test"
  >
    Test
     
    <span>
      *
    </span>
  </label>
  <div
    className="MuiOutlinedInput-root MuiInputBase-root MuiInputBase-colorPrimary MuiInputBase-fullWidth css-q9ksy9-MuiInputBase-root-MuiOutlinedInput-root-MuiSelect-root"
    onClick={[Function]}
  >
    <div
      aria-expanded="false"
      aria-haspopup="listbox"
      aria-labelledby="test"
      className="MuiSelect-select MuiSelect-outlined MuiOutlinedInput-input MuiInputBase-input css-jcfq8n-MuiSelect-select-MuiInputBase-input-MuiOutlinedInput-input"
      id="test"
      onBlur={[Function]}
      onFocus={[Function]}
      onKeyDown={[Function]}
      onMouseDown={[Function]}
      role="button"
      tabIndex={0}
    >
      <span
        className="notranslate"
      >
        ​
      </span>
    </div>
    <input
      aria-hidden={true}
      className="MuiSelect-nativeInput css-yf8vq0-MuiSelect-nativeInput"
      onAnimationStart={[Function]}
      onChange={[Function]}
      tabIndex={-1}
      value=""
    />
    <svg
      aria-hidden={true}
      className="MuiSvgIcon-root MuiSvgIcon-fontSizeMedium MuiSelect-icon MuiSelect-iconOutlined css-hfutr2-MuiSvgIcon-root-MuiSelect-icon"
      data-testid="ArrowDropDownIcon"
      focusable="false"
      viewBox="0 0 24 24"
    >
      <path
        d="M7 10l5 5 5-5z"
      />
    </svg>
    <fieldset
      aria-hidden={true}
      className="MuiOutlinedInput-notchedOutline css-1d3z3hw-MuiOutlinedInput-notchedOutline"
    >
      <legend
        className="css-hdw1oc"
      >
        <span
          className="notranslate"
        >
          ​
        </span>
      </legend>
    </fieldset>
  </div>
  <p
    className="MuiFormHelperText-root css-11e8ze7-MuiFormHelperText-root"
  />
</div>
`;
