// Jest Snapshot v1, https://goo.gl/fbAQLP

exports[`Table Body Cell  Component should render Table Body Cell component without crashing 1`] = `
<thead
  className="MuiTableHead-root css-15wwp11-MuiTableHead-root"
  role={null}
>
  <tr
    className="MuiTableRow-root MuiTableRow-head css-1fztqu1-MuiTableRow-root"
    role={null}
  >
    <th
      aria-sort={null}
      className="MuiTableCell-root MuiTableCell-head MuiTableCell-sizeMedium css-1isvuh8-MuiTableCell-root"
      scope="col"
      style={
        Object {
          "whiteSpace": "nowrap",
        }
      }
    >
      <span
        className="MuiButtonBase-root MuiTableSortLabel-root css-1lphovs-MuiButtonBase-root-MuiTableSortLabel-root"
        onBlur={[Function]}
        onClick={[Function]}
        onContextMenu={[Function]}
        onDragLeave={[Function]}
        onFocus={[Function]}
        onKeyDown={[Function]}
        onKeyUp={[Function]}
        onMouseDown={[Function]}
        onMouseLeave={[Function]}
        onMouseUp={[Function]}
        onTouchEnd={[Function]}
        onTouchMove={[Function]}
        onTouchStart={[Function]}
        role="button"
        tabIndex={0}
      >
        <p
          className="MuiTypography-root MuiTypography-body1 css-1ydb6uk-MuiTypography-root"
        >
          ID
        </p>
        <svg
          aria-hidden={true}
          className="MuiSvgIcon-root MuiSvgIcon-fontSizeMedium MuiTableSortLabel-icon MuiTableSortLabel-iconDirectionAsc css-1vweko9-MuiSvgIcon-root-MuiTableSortLabel-icon"
          data-testid="ArrowDropDownIcon"
          focusable="false"
          viewBox="0 0 24 24"
        >
          <path
            d="m7 10 5 5 5-5z"
          />
        </svg>
      </span>
    </th>
    <th
      aria-sort={null}
      className="MuiTableCell-root MuiTableCell-head MuiTableCell-sizeMedium css-1isvuh8-MuiTableCell-root"
      scope="col"
      style={
        Object {
          "whiteSpace": "nowrap",
        }
      }
    >
      <p
        className="MuiTypography-root MuiTypography-body1 css-1ydb6uk-MuiTypography-root"
      >
        Plate Number
      </p>
    </th>
    <th
      aria-sort={null}
      className="MuiTableCell-root MuiTableCell-head MuiTableCell-sizeMedium css-1isvuh8-MuiTableCell-root"
      scope="col"
      style={
        Object {
          "whiteSpace": "nowrap",
        }
      }
    >
      <span
        className="MuiButtonBase-root MuiTableSortLabel-root css-1lphovs-MuiButtonBase-root-MuiTableSortLabel-root"
        onBlur={[Function]}
        onClick={[Function]}
        onContextMenu={[Function]}
        onDragLeave={[Function]}
        onFocus={[Function]}
        onKeyDown={[Function]}
        onKeyUp={[Function]}
        onMouseDown={[Function]}
        onMouseLeave={[Function]}
        onMouseUp={[Function]}
        onTouchEnd={[Function]}
        onTouchMove={[Function]}
        onTouchStart={[Function]}
        role="button"
        tabIndex={0}
      >
        <p
          className="MuiTypography-root MuiTypography-body1 css-1ydb6uk-MuiTypography-root"
        >
          Parking Type
        </p>
        <svg
          aria-hidden={true}
          className="MuiSvgIcon-root MuiSvgIcon-fontSizeMedium MuiTableSortLabel-icon MuiTableSortLabel-iconDirectionAsc css-1vweko9-MuiSvgIcon-root-MuiTableSortLabel-icon"
          data-testid="ArrowDropDownIcon"
          focusable="false"
          viewBox="0 0 24 24"
        >
          <path
            d="m7 10 5 5 5-5z"
          />
        </svg>
      </span>
    </th>
    <th
      aria-sort={null}
      className="MuiTableCell-root MuiTableCell-head MuiTableCell-sizeMedium css-1isvuh8-MuiTableCell-root"
      scope="col"
      style={
        Object {
          "whiteSpace": "nowrap",
        }
      }
    >
      <span
        className="MuiButtonBase-root MuiTableSortLabel-root css-1lphovs-MuiButtonBase-root-MuiTableSortLabel-root"
        onBlur={[Function]}
        onClick={[Function]}
        onContextMenu={[Function]}
        onDragLeave={[Function]}
        onFocus={[Function]}
        onKeyDown={[Function]}
        onKeyUp={[Function]}
        onMouseDown={[Function]}
        onMouseLeave={[Function]}
        onMouseUp={[Function]}
        onTouchEnd={[Function]}
        onTouchMove={[Function]}
        onTouchStart={[Function]}
        role="button"
        tabIndex={0}
      >
        <p
          className="MuiTypography-root MuiTypography-body1 css-1ydb6uk-MuiTypography-root"
        >
          Hours Spent
        </p>
        <svg
          aria-hidden={true}
          className="MuiSvgIcon-root MuiSvgIcon-fontSizeMedium MuiTableSortLabel-icon MuiTableSortLabel-iconDirectionAsc css-1vweko9-MuiSvgIcon-root-MuiTableSortLabel-icon"
          data-testid="ArrowDropDownIcon"
          focusable="false"
          viewBox="0 0 24 24"
        >
          <path
            d="m7 10 5 5 5-5z"
          />
        </svg>
      </span>
    </th>
    <th
      aria-sort={null}
      className="MuiTableCell-root MuiTableCell-head MuiTableCell-sizeMedium css-1isvuh8-MuiTableCell-root"
      scope="col"
      style={
        Object {
          "whiteSpace": "nowrap",
        }
      }
    >
      <p
        className="MuiTypography-root MuiTypography-body1 css-1ydb6uk-MuiTypography-root"
      >
        Price
      </p>
    </th>
    <th
      aria-sort={null}
      className="MuiTableCell-root MuiTableCell-head MuiTableCell-sizeMedium css-1isvuh8-MuiTableCell-root"
      scope="col"
      style={
        Object {
          "whiteSpace": "nowrap",
        }
      }
    >
      <span
        className="MuiButtonBase-root MuiTableSortLabel-root css-1lphovs-MuiButtonBase-root-MuiTableSortLabel-root"
        onBlur={[Function]}
        onClick={[Function]}
        onContextMenu={[Function]}
        onDragLeave={[Function]}
        onFocus={[Function]}
        onKeyDown={[Function]}
        onKeyUp={[Function]}
        onMouseDown={[Function]}
        onMouseLeave={[Function]}
        onMouseUp={[Function]}
        onTouchEnd={[Function]}
        onTouchMove={[Function]}
        onTouchStart={[Function]}
        role="button"
        tabIndex={0}
      >
        <p
          className="MuiTypography-root MuiTypography-body1 css-1ydb6uk-MuiTypography-root"
        >
          Transaction Date
        </p>
        <svg
          aria-hidden={true}
          className="MuiSvgIcon-root MuiSvgIcon-fontSizeMedium MuiTableSortLabel-icon MuiTableSortLabel-iconDirectionAsc css-1vweko9-MuiSvgIcon-root-MuiTableSortLabel-icon"
          data-testid="ArrowDropDownIcon"
          focusable="false"
          viewBox="0 0 24 24"
        >
          <path
            d="m7 10 5 5 5-5z"
          />
        </svg>
      </span>
    </th>
  </tr>
</thead>
`;
