// Jest Snapshot v1, https://goo.gl/fbAQLP

exports[`App should render app without crashing 1`] = `null`;
